Last login: Fri Aug 19 12:15:43 on ttys000
iMac-de-Juanjo:~ Juanjo$ ls
Applications	Documents	Library		Music		Public
Desktop		Downloads	Movies		Pictures	Sites
iMac-de-Juanjo:~ Juanjo$ cd Desktop
iMac-de-Juanjo:Desktop Juanjo$ ls
Workshop	git-workshop	visual_example	visual_example2
iMac-de-Juanjo:Desktop Juanjo$ mkdir git-practice
iMac-de-Juanjo:Desktop Juanjo$ ls
Workshop	git-practice	git-workshop	visual_example	visual_example2
iMac-de-Juanjo:Desktop Juanjo$ cd git-practice
iMac-de-Juanjo:git-practice Juanjo$ git init
Initialized empty Git repository in /Users/Juanjo/Desktop/git-practice/.git/
iMac-de-Juanjo:git-practice Juanjo$ touch three_doors.txt
iMac-de-Juanjo:git-practice Juanjo$ git add .
iMac-de-Juanjo:git-practice Juanjo$ git status
On branch master

Initial commit

Changes to be committed:
  (use "git rm --cached <file>..." to unstage)

	new file:   three_doors.txt

iMac-de-Juanjo:git-practice Juanjo$ git commit -am "first commit"
[master (root-commit) 4e3f590] first commit
 1 file changed, 1 insertion(+)
 create mode 100644 three_doors.txt
iMac-de-Juanjo:git-practice Juanjo$ git status
On branch master
Changes not staged for commit:
  (use "git add <file>..." to update what will be committed)
  (use "git checkout -- <file>..." to discard changes in working directory)

	modified:   three_doors.txt

no changes added to commit (use "git add" and/or "git commit -a")
iMac-de-Juanjo:git-practice Juanjo$ git commit -am "second commit which door"
[master a329b9f] second commit which door
 1 file changed, 2 insertions(+), 1 deletion(-)
iMac-de-Juanjo:git-practice Juanjo$ git log --oneline
a329b9f second commit which door
4e3f590 first commit
iMac-de-Juanjo:git-practice Juanjo$ git diff
diff --git a/three_doors.txt b/three_doors.txt
index e3e8e5b..2eb09a5 100644
--- a/three_doors.txt
+++ b/three_doors.txt
@@ -1,2 +1,3 @@
 You are in a room with three doors.
-Which door will you go through?
\ No newline at end of file
+Which door will you go through?
+I choose to enter through the first door
\ No newline at end of file
iMac-de-Juanjo:git-practice Juanjo$ git diff first_choice.txt
fatal: ambiguous argument 'first_choice.txt': unknown revision or path not in the working tree.
Use '--' to separate paths from revisions, like this:
'git <command> [<revision>...] -- [<file>...]'
iMac-de-Juanjo:git-practice Juanjo$ git diff > first_choice.txt
iMac-de-Juanjo:git-practice Juanjo$ git status
On branch master
Changes not staged for commit:
  (use "git add <file>..." to update what will be committed)
  (use "git checkout -- <file>..." to discard changes in working directory)

	modified:   three_doors.txt

Untracked files:
  (use "git add <file>..." to include in what will be committed)

	first_choice.txt

no changes added to commit (use "git add" and/or "git commit -a")
iMac-de-Juanjo:git-practice Juanjo$ git add first_choice.txt
iMac-de-Juanjo:git-practice Juanjo$ git status
On branch master
Changes to be committed:
  (use "git reset HEAD <file>..." to unstage)

	new file:   first_choice.txt

Changes not staged for commit:
  (use "git add <file>..." to update what will be committed)
  (use "git checkout -- <file>..." to discard changes in working directory)

	modified:   three_doors.txt

iMac-de-Juanjo:git-practice Juanjo$ git commit -am "diff first choice"
[master 0fc1522] diff first choice
 2 files changed, 13 insertions(+), 1 deletion(-)
 create mode 100644 first_choice.txt
iMac-de-Juanjo:git-practice Juanjo$ git log --oneline
0fc1522 diff first choice
a329b9f second commit which door
4e3f590 first commit
iMac-de-Juanjo:git-practice Juanjo$ git checkout a329b9f
Note: checking out 'a329b9f'.

You are in 'detached HEAD' state. You can look around, make experimental
changes and commit them, and you can discard any commits you make in this
state without impacting any branches by performing another checkout.

If you want to create a new branch to retain commits you create, you may
do so (now or later) by using -b with the checkout command again. Example:

  git checkout -b <new-branch-name>

HEAD is now at a329b9f... second commit which door
iMac-de-Juanjo:git-practice Juanjo$ git log --oneline
a329b9f second commit which door
4e3f590 first commit
iMac-de-Juanjo:git-practice Juanjo$ git branch
* (HEAD detached at a329b9f)
  master
iMac-de-Juanjo:git-practice Juanjo$ touch second_choice.txt
iMac-de-Juanjo:git-practice Juanjo$ git add second_choice.txt
iMac-de-Juanjo:git-practice Juanjo$ git commit -am "third commit second choice"
[detached HEAD 802a7ac] third commit second choice
 1 file changed, 1 insertion(+)
 create mode 100644 second_choice.txt
iMac-de-Juanjo:git-practice Juanjo$ git status
HEAD detached from a329b9f
Changes not staged for commit:
  (use "git add <file>..." to update what will be committed)
  (use "git checkout -- <file>..." to discard changes in working directory)

	modified:   second_choice.txt

no changes added to commit (use "git add" and/or "git commit -a")
iMac-de-Juanjo:git-practice Juanjo$ git commit -am "what is behind second choice"
[detached HEAD ca881f4] what is behind second choice
 1 file changed, 2 insertions(+), 1 deletion(-)
iMac-de-Juanjo:git-practice Juanjo$ git status
HEAD detached from a329b9f
nothing to commit, working tree clean
iMac-de-Juanjo:git-practice Juanjo$ git log --oneline
ca881f4 what is behind second choice
802a7ac third commit second choice
a329b9f second commit which door
4e3f590 first commit
iMac-de-Juanjo:git-practice Juanjo$ git branch new
iMac-de-Juanjo:git-practice Juanjo$ git branch
* (HEAD detached from a329b9f)
  master
  new
iMac-de-Juanjo:git-practice Juanjo$ git checkout new
Switched to branch 'new'
iMac-de-Juanjo:git-practice Juanjo$ git branch
  master
* new
iMac-de-Juanjo:git-practice Juanjo$ git add .
iMac-de-Juanjo:git-practice Juanjo$ git commit -am "a big dragon behind the door"
[new 9150fa4] a big dragon behind the door
 1 file changed, 1 insertion(+), 1 deletion(-)
iMac-de-Juanjo:git-practice Juanjo$ git merge new
Already up-to-date.
iMac-de-Juanjo:git-practice Juanjo$ git branch
  master
* new
iMac-de-Juanjo:git-practice Juanjo$ git checkout master
Switched to branch 'master'
iMac-de-Juanjo:git-practice Juanjo$ git branch
* master
  new
iMac-de-Juanjo:git-practice Juanjo$ git checkout new
Switched to branch 'new'
iMac-de-Juanjo:git-practice Juanjo$ git merge new
Already up-to-date.
iMac-de-Juanjo:git-practice Juanjo$ git branch
  master
* new
iMac-de-Juanjo:git-practice Juanjo$ git checkout master
Switched to branch 'master'
iMac-de-Juanjo:git-practice Juanjo$ git merge new
Merge made by the 'recursive' strategy.
 second_choice.txt | 2 ++
 1 file changed, 2 insertions(+)
 create mode 100644 second_choice.txt
iMac-de-Juanjo:git-practice Juanjo$ 
